prrofile_purple
azad_times
ProxySnipe
ProxyTelCo
freeebirdss
vpnx44
xsfilternet
Fr33C0nfig
proxymtprotoir
iRoProxy
Myporoxy
iMTProto
darkproxy
xbat_team
LyricPixelArt
ProxysHUB
ConfigsHUB
ARv2ray
Awlix_ir
BestV2rang
CUSTOMVPNSERVER
Capital_NET
Capoit
CloudCityy
Cov2ray
DailyV2RY
DarkTeam_VPN
DarkVPNpro
DeamNet_Proxy
DigiV2ray
DirectVPN
EliV2ray
FOX_VPN66
FalconPolV2rayNG
FreakConfig
God_CONFIG
Good_V2rayy
GozargahVPN
Helix_Servers
Hope_Net
IBv2ray
IRN_VPN
Lockey_vpn
LuminousNet
MTConfig
MehradLearn
MrV2Ray
MsV2ray
NIM_VPN_ir
OpenSSTPVpn
OutlineVpnOfficial
Outline_Vpn
Outlinev2rayNG
PAINB0Y
Parsashonam
PrivateVPNs
Proxy_PJ
ROMAX_VPN
Royalping_ir
SINABIGO
SafeNet_Server
ServerNett
ShadowProxy66
ShadowSocks_s
SvnTeam
TIKTOK_PROXY
TUICity
TVCminer
UnlimitedDev
V2FETCH
V2RayTz
V2parsin
V2pedia
V2rayCollector
V2rayNGmat
V2rayNGn
V2rayng_Fast
V2rayngninja
VPNCLOP
VPNCUSTOMIZE
VPNGate_Config
VlessConfig
VmessProtocol
VpnFreeSec
VpnProSec
VpnSkyy
VpnWLF
Watashi_VPN
WebShecan
XsV2ray
azadi_az_inja_migzare
bright_vpn
bypass_filter
customv2ray
eliya_chiter0
flyv2ray
fnet00
forwardv2ray
free1_vpn
free4allVPN
free_v2rayyy
freeconfigv2
frev2ray
hashmakvpn
iP_CF
iSegaro
ipV2Ray
ipcloudflaree
irancpi_vpn
kiava
kingofilter
lightning6
liq_VPN
lrnbymaa
mehrosaboran
melov2ray
mftizi
nofiltering2
oneclickvpnkeys
polproxy
proxy_kafee
proxy_mtm
proxystore11
proxyymeliii
rayvps
raze_vpn
rxv2ray
shh_proxy
v2Line
v2_team
v2logy
v2ray1_ng
v2rayNG_Matsuri
v2ray_outlineir
v2ray_swhil
v2ray_vpn_ir
v2rayngvpn
vless_vmess
vmessorg
vpnmasi
yaney_01
zen_cloud
V2range
Outline_ir
outlinevpnir
ZibaNabz
beiten
hopev2ray
NetAccount
WomanLifeFreedomVPN
vpn_ioss
v2rayNGNeT
iran_ray
Qv2raychannel
xrayproxy
v2rayNG_VPNN
ovpn2
vpn_tehran
talentvpn
v2rayngvp
molovpn
vmessiran
Configforvpn01
TPvpn_Official
AM_TEAMMM
iTV2RAY
daredevill_404
idigitalz
marambashi
ai_duet
alfred_config
AliAlma_GSM
alo_v2rayng
Alpha_V2ray_Iran
alpha_v2rayip
amvng
ange1vpn
ansooyefilter
ap_ir6
appsooner
arshiavpn12
asintech
atlas_v2vpn
atovpn
azadmarz
azarakhsh_proxy
azaranv2ray
azarbayjab1
b2hub
begoo_vpn
beta_v2ray
bigavpn
bigsmoke_config
binextify
bird_angry
bisto4_service
black_raven_ir
blackRay
blueberrynetwork
bored_vpn
brayirani
canfingV2rayNG
cfox_server
chillguy_vpn
Ciurou
clashv8
cnetvpn
config7x
Config_magazine
config_on
config_v2ray
configfori
configforvpn
configprxy
configv2rayforfree
configv2rayng
configvibes
confiig_hub
confing_v2rayy
confixio
custom_14
cxrolvpn
daily_configs
duckvp_n
earnmoney_arz
Easy_Free_VPN
ehsawn8
erfanandroid
evay_vpn
Everyday_VPN
express_freevpn
expressvpn_420
Farah_VPN
farazv2ray
fastkanfig
father_vpn
fear_config
fhkllvjkll
filembad
filtershekan_channel
foxrayiran
free_conf_iran
Free_HTTPCustom
free_vpn_ch
freeconfigforyou
freeconfigsplus
Freedomnetir
freedomofinfor
freeland8
FreeNet1500
freenettir
freeonlinevpn
FreeV2rays
freev2rayssr
FreeVlessVpn
frev2rayng
generalconfiig
GH_v2rayng
ghalagyann
ghand_sheken
gozargahazad
hddify
hesarweb
hex_proxy
hibyevpnn
hideng_app
hollowcon
hosseinstore_za
HTTPCustomLand
https_config_injector
icv2ray
inetchnl
inikotesla
IP_CF_Config
iran_v2ray1
IraneAzad_Net
iranvpnet
IRANVPNNET
irconfiig
iSeqaro
isvvpn
jkvpn
juzibaipiao
kafing_2
kurdconfig
lent_gc
Letiranbreath
leviconfigs
LoopLine_Ir
mahsaamoon1
mainv2ray
masir_sefid
masterserver1
maznet
meli_proxyy
meliproxyy
mimitdl
mitivpn
moh3enivx
mrsoulb
MT_TEAM_IRAN
mtmvpn
namiraconfigs
napsternetv_config
napsternetvirani
narcod_ping
net2ray
netghjlkj
NetMeli9
netmellianti
netshot1
Network_442
networknim
networld_vpn
NEW_MTProxi2
nexus_panell
NormanV2ray
nufilter
nx_v2ray
ParsRoute
persianvpnhub
ppal03
probabblynot
prossh
ProxyMtpVPN
ProxyPJ
proxyserverpanel
raydikalx
reality_daily
rokervpn
SafeNetIR
selinc
SEVEN_ping
shadow_socks1
shadowflux2
Shadowlinkserverr
ShadowsocksM
shadowsocksshop
shopingv2ray
sil3nt_network
sobi_vpn
socks5tobefree
soskeynet
soskeynets
spdnet
spiddy_ir
subgift
surfboardv2ray
sylphnet
tanhanet
teamkingo
tehranargo
tootffarangi
TunelProV2
ultrasurf_12
v2_vmess
v2all
V2Graphy
v2ra_config
v2ray313
v2ray_alpha
v2ray_ar
v2ray_configs_pool
v2ray_custom
v2ray_fark
v2ray_for_free
V2Ray_FreedomIran
V2RAY_NEW
v2ray_ng
V2ray_official
v2ray_phoenix
v2ray_spatial
V2ray_Team
V2RAY_VMESS_free
v2rayan
v2raybaaz
v2RayChannel
V2rayCollectorDonate
v2rayfree1
V2rayi_net
v2raymelliii
V2rayN_Free
v2rayn_server
V2rayNG3
V2rayNG_account_free
v2rayng_fa2
v2rayng_ip
V2rayNg_madam
v2rayng_org
v2rayng_v
v2rayNG_VPN
v2rayng_vpnrog
v2rayNgg_iran
V2rayNGvpni
V2rayNGX
V2RayOxygen
V2RAYROZ
V2raysFree
v2raytechadoo
v2rayvpn2
v2rayvpnchannel
v2rayyngvpn
v2ryng01
v2xnet
V_2rey
vaddress
Vaslchi_VPN
vegaas_vpn
vip_vpn_2022
ViPVpn_v2ray
ViraV2ray
vistav2ray
vmess_ir
vmess_iran
vmess_vless_v2rayng
vmesskhodam
vmessq
VorTexIRN
VPN_443
vpn_mafia
vpn_mikey
vpn_Nv1
vpn_ocean
vpn_proxy_custom
VPN_SOLVE
vpn_xw
vpnbaz
vpncostumer
vpnfail_v2ray
vpnine1
vpnjey
VPNnobody
vpnowl
VpnProsecc
vpnsal
vpnserverrr
VPNwedbaz
WedBazGap
WeePeeN
xgvpn
XpnTeam
YtTe3la
zdyz2
zyzzzoao
